{
    "contents": [
        "\n    {'aa': 'bb'}\n"
    ],
    "headers": {
        "Accept": "application/json",
        "Content-Type": "application/json",
        "X-Language": "zh_CN"
    },
    "hints": [
        "no-rediect",
        "Hello"
    ],
    "httpFields": {
        "dryRun": "False",
        "requestId": "1"
    },
    "httpMethod": "GET",
    "httpRequestTarget": "https://{{host}}:{{port}}/ares/cloud/service/getRequestStatus",
    "httpVersion": "HTTP/1.1",
    "name": "HTTP",
    "operate": [],
    "title": "ccc"
}