API> _start testapiget.api
API> _use api
Current NameSpace: API.
API>
API> > {%
   > import os
   > os.environ["host"] = "127.0.0.1"
   > %}
API>
API> > {% port=8000 %}
API> // [Hint] Hello
API> -- [Hint] Hello2
API> ### aaa
   > // @hint
   > GET http://{{host}}:{{port}}/health
   >     ?requestId=1 HTTP/1.1
   > Accept: application/json
   > X-Language: zh_CN
   > Content-Type: application/json
   >
   >
   > ###
REWROTED API> Your API has been changed to:
REWROTED    > GET http://127.0.0.1:8000/health
REWROTED    >     ?requestId=1
REWROTED    > Accept: application/json
REWROTED    > X-Language: zh_CN
REWROTED    > Content-Type: application/json
REWROTED    >
REWROTED    >

{
    "content": {
        "status": "OK"
    },
    "status": 200
}
API>
API> ### bbb
   > // @hint
   > GET http://{{host}}:{{port}}/health
   >     ?requestId=1 HTTP/1.1
   > Accept: application/json
   > X-Language: zh_CN
   > Content-Type: application/json
   >
   > {"col1":"aaa","col2":"bbb","async":true}
   >
   > ###
REWROTED API> Your API has been changed to:
REWROTED    > GET http://127.0.0.1:8000/health
REWROTED    >     ?requestId=1
REWROTED    > Accept: application/json
REWROTED    > X-Language: zh_CN
REWROTED    > Content-Type: application/json
REWROTED    >
REWROTED    > {
REWROTED    >     "async": true,
REWROTED    >     "col1": "aaa",
REWROTED    >     "col2": "bbb"
REWROTED    > }
{
    "content": {
        "status": "OK"
    },
    "status": 200
}
API> _exit
Disconnected.
