API> _start testapiwithscripttimeout.api
API> _use api
Current NameSpace: API.
API>
API> > {% host="127.0.0.1" %}
API> > {% port=8000 %}
API>
API> _SET SCRIPT_TIMEOUT 15
API>
API> -- 当前API请求会成功，未达到超时限制
API> ### aaa
   > // @no-redirect
   > GET http://{{host}}:{{port}}/timeoutTest
   >     ?requestId=1 HTTP/1.1
   > Accept: application/json
   > X-Language: zh_CN
   > Content-Type: application/json
   >
   > ###
REWROTED API> Your API has been changed to:
REWROTED    > GET http://127.0.0.1:8000/timeoutTest
REWROTED    >     ?requestId=1
REWROTED    > Accept: application/json
REWROTED    > X-Language: zh_CN
REWROTED    > Content-Type: application/json
{
    "content": {
        "status": "OK"
    },
    "status": 200
}
API>
API> -- 当前API请求会由于TimeOut的限制导致失败
API> ### aaa
   > // @no-redirect
   > GET http://{{host}}:{{port}}/timeoutTest
   >     ?requestId=1 HTTP/1.1
   > Accept: application/json
   > X-Language: zh_CN
   > Content-Type: application/json
   >
   > ###
REWROTED API> Your API has been changed to:
REWROTED    > GET http://127.0.0.1:8000/timeoutTest
REWROTED    >     ?requestId=1
REWROTED    > Accept: application/json
REWROTED    > X-Language: zh_CN
REWROTED    > Content-Type: application/json
Testcli-0000: Request timeout limit script threshold [15] reached.
API> _exit
Testcli-0000: Script Timeout (15) expired. Abort this Script.
Disconnected.
