SQL> _start testsqlembeddscript.sql
SQL> _connect /mem
Database connected.
SQL> create table aaa (id int);
0 row affected.
SQL> insert into aaa values(10);
1 row affected.
SQL> > {%
   > x=1
   > dbConn = sessionContext["dbConn"]
   > stmt = dbConn.createStatement()
   > rs = stmt.executeQuery("select id from aaa")
   > sessionContext["status"] = "x=" + str(x)
   > %}
x=1
SQL> update aaa set id = 20;
1 row affected.
SQL> select * from aaa;
+--------+----+
|   ##   | ID |
+--------+----+
|      1 | 20 |
+--------+----+
1 row selected.
SQL> > {%
   > x=x+3
   > dbConn = sessionContext["dbConn"]
   > stmt = dbConn.createStatement()
   > stmt.execute("update aaa set id=30")
   > sessionContext["status"] = "x=" + str(x)
   > %}
x=4
SQL> select * from aaa;
+--------+----+
|   ##   | ID |
+--------+----+
|      1 | 30 |
+--------+----+
1 row selected.
SQL> _exit
Disconnected.
